Copyright 1986-2022 Xilinx, Inc. All Rights Reserved. Copyright 2022-2024 Advanced Micro Devices, Inc. All Rights Reserved.
---------------------------------------------------------------------------------------------------------------------------------------------------------------------------------
| Tool Version : Vivado v.2023.2.2 (win64) Build 4126759 Thu Feb  8 23:53:51 MST 2024
| Date         : Sun May  5 19:12:48 2024
| Host         : Desktop-2024-02 running 64-bit major release  (build 9200)
| Command      : report_bus_skew -warn_on_violation -file Scoreboard_Final_bus_skew_routed.rpt -pb Scoreboard_Final_bus_skew_routed.pb -rpx Scoreboard_Final_bus_skew_routed.rpx
| Design       : Scoreboard_Final
| Device       : 7s50-csga324
| Speed File   : -1  PRODUCTION 1.23 2018-06-13
| Design State : Routed
---------------------------------------------------------------------------------------------------------------------------------------------------------------------------------

Bus Skew Report

No bus skew constraints

